     1                                  
     2                                  SECTION .data
     3 00000000 0D0A00                  	szLF db 0dh, 0ah, 0h
     4 00000003 00                      	stdin db 0h
     5 00000004 03                      	sys_read db 03h
     6                                  	
     7                                  
     8                                  global DisplayText
     9                                  global Displayendl
    10                                  global revArray
    11                                  global ReadText
    12                                  global addTwoArrays
    13                                  global addTwo
    14                                  global multiplyTwo
    15                                  global pow2
    16                                  global addArray
    17                                  
    18                                  DisplayText:
    19 00000005 B804000000              	mov eax, 04h ;we are goin to write something
    20 0000000A BB01000000              	mov ebx, 01h ;determine what are we writing to
    21 0000000F CD80                    	int 80h ;Tickle/Poke the Kernel
    22 00000011 C3                      ret ;finish the function, return 
    23                                  
    24                                  Displayendl: ;the function imply prints the carriage return and new ilne string
    25 00000012 B9[00000000]            	mov ecx, szLF ;mov the address of the characters to the ecx reg
    26 00000017 BA03000000              	mov edx, 03h ;move the length of the character arrays to edx
    27 0000001C B804000000              	mov eax, 04h ;we are goin to write something
    28 00000021 BB01000000              	mov ebx, 01h ;determine what are we writing to
    29 00000026 CD80                    	int 80h ;tickle the kernel
    30 00000028 C3                      ret 
    31                                  
    32                                  ReadText:
    33 00000029 BA[03000000]            	mov edx, stdin ; we are going to READ 
    34                                  	;sys_read equ 03h
    35                                  	;stdin equ 0h
    36 0000002E B8[04000000]            	mov eax, sys_read ;what are we going to read from
    37 00000033 CD80                    	int 80h ;poke the kernel
    38 00000035 C3                      ret
    39                                  
    40                                  revArray:
    41                                  	;put functions code here
    42                                  	; get few parameters:
    43                                  		; 1) array 1
    44                                  		; 2) array 2
    45                                  		; 3) the length of the array
    46 00000036 8B5C2404                	mov ebx, [esp + 4] ;array1
    47 0000003A 8B442408                	mov eax, [esp + 8] ;array2
    48 0000003E 8B4C240C                	mov ecx, [esp + 12] ;size of the arrays - should be the same!
    49 00000042 BF00000000              	mov edi, 0 ;counter 1 = 0
    50 00000047 89CE                    	mov esi, ecx ;counter2 = size
    51 00000049 83EE01                  	sub esi, 1 ;counter2 = size - 1
    52                                  	L1: ;loop ecx times
    53 0000004C 8B0433                  		mov eax, [ebx + esi]
    54 0000004F 50                      		push eax ;do i really need this line?
    55 00000050 83C604                  		add esi, 4 ;counter1++
    56 00000053 83EF04                  		sub edi, 4 ;counter2--
    57 00000056 E2F4                    	loop L1
    58 00000058 C3                      ret ;automatically will reture eax
    59                                  
    60                                  addTwoArrays: ;??? very confused on how to do this one
    61 00000059 8B5C2404                	mov ebx, [esp + 4] ; move to ebx the pointer to the first array
    62 0000005D 8B4C2408                	mov ecx, [esp + 8] ;move to ecx the number of utems in the array
    63 00000061 8B54240C                	mov edx, [esp + 12] ;move to edx the pointer to the second array
    64                                  	;coming from the assumption that the length of both arrays (1 and 2) in the same
    65 00000065 89CE                    	mov esi, ecx
    66 00000067 83EE01                  	sub esi, 1 ;set counter2 to size - 1
    67 0000006A BF00000000              	mov edi, 0;use edi as counter
    68                                  	addArraysLoop:
    69 0000006F 89D8                    		mov eax, ebx
    70 00000071 50                      		push eax ;stack of eax to move forward
    71                                  	
    72 00000072 47                      		inc edi;counter1 ++;
    73 00000073 4E                      		dec esi ;counter2--;
    74 00000074 E2F9                    	loop addArraysLoop
    75                                  	
    76 00000076 C3                      ret ;returns the final eax, therefore eax must inclue the third array
    77                                  
    78                                  addTwo:
    79 00000077 8B442404                	mov eax, [esp + 4] ;mov to eax the first pointer to a parameter from the stack
    80 0000007B 8B542408                	mov edx, [esp + 8] ;mov to edx the second one from the stack
    81 0000007F 01D0                    	add eax, edx;eax = eax + edx
    82 00000081 C3                      ret ; return eax
    83                                  
    84                                  multiplyTwo:
    85 00000082 8B742404                	mov esi, [esp + 4] ;mov to esi the first pointer to a parameter
    86 00000086 8B542408                	mov edx, [esp + 8] ;mov to edi the second one
    87 0000008A 89F0                    	mov eax, esi; mov x to eax
    88 0000008C F7E2                    	mul edx ;multiple eax (x) by y (edi)
    89 0000008E C3                      ret ;return eax (x*y)
    90                                  
    91                                  pow2:
    92 0000008F 8B442404                	mov eax, [esp + 4] ;copies the value from the stack to esi
    93 00000093 F7E0                    	mul eax
    94 00000095 C3                      ret ;always returns eax
    95                                  	
    96                                  addArray:
    97                                  	;taken from the presentation
    98 00000096 90                      	nop 
    99 00000097 8B742404                	mov esi, [esp + 4] ;copy the first parameter to esi; pointer to an array
   100 0000009B 8B4C2408                	mov ecx, [esp + 8]; copy second parameter to ecx; number of items in the array
   101 0000009F 53                      	push ebx ;needed when c++
   102 000000A0 BB00000000              	mov ebx, 0 ;set counter to zero
   103 000000A5 B800000000              	mov eax, 0 ;set total to zero
   104                                  	
   105                                  	Loop1:
   106 000000AA 8B141E                  		mov edx, [esi + ebx] ;copy values in edx to eax
   107 000000AD 01D0                    		add eax, edx ;add the array value in edx to eax
   108 000000AF 83C304                  		add ebx, 4 ;incremeny ebx by a double word size (4 bytes)
   109 000000B2 E2F6                    	loop Loop1 ;ecx contrains the counter - decrementit and loop
   110 000000B4 5B                      	pop ebx ;needed when C++ calls assembler programs
   111 000000B5 C3                      ret ;return
