     1                                  ;
     2                                  ;This program will test out the functions library
     3                                  ;
     4                                  ;
     5                                  ;Include our external functions library functions
     6                                  
     7                                  %include "./funcs.inc"
     1                              <1> ;example of usage:	
     2                              <1> 	;in the c++ program, pass three parameters:
     3                              <1> 	;a filled arrays (1), an empty array of the same size (2), and the size of the array
     4                              <1> 	;calling "revArray(arr1, arr2, size)" will return the second array
     5                              <1> 	;the second array holds the reversed elements from the first array 
     6                              <1> extern revArray
     7                              <1> 
     8                              <1> ;example of usage:
     9                              <1> 	;in the c++ program, pass four parameters:
    10                              <1> 	; a filled array, another filled array, an empty array (all of the same size), and their size
    11                              <1> 	;calling "addTwoArrays(arr1, arr2, arr3, size)" will return the third array
    12                              <1> 	;the third array holds the summed values of the same indexed poition from array1 and 2
    13                              <1> extern addTwoArrays
    14                              <1> 
    15                              <1> ;example of usage:
    16                              <1> 	;in the c++ program, pass two parameters:
    17                              <1> 	;an integer a, and an integer b
    18                              <1> 	;calling "addTwo(a, b)" will return the sum of these integers
    19                              <1> extern addTwo
    20                              <1> 
    21                              <1> ;example of usage:
    22                              <1> 	;in the c++ program, pass two parameters:
    23                              <1> 	; an integer a, and an integer b
    24                              <1> 	;calling "multiplyTwo(a, b)" will return the product of those two integers
    25                              <1> extern multiplyTwo
    26                              <1> 
    27                              <1> ;example of usage:
    28                              <1> 	;in the c++ program, pass one parameter:
    29                              <1> 	;pass an integer
    30                              <1> 	;calling "pow2(a)" will return the squared value of that integer
    31                              <1> extern pow2
    32                              <1> 
    33                              <1> ;example of usage:
    34                              <1> 	;in the c++ program, pass two parameters:
    35                              <1> 	; a filled array, and an integer representing its size
    36                              <1> 	;calling "addArray(arr1, size)" will return the summed value of all the element in the array
    37                              <1> extern addArray
    38                              <1> 
     8                                  SECTION .data
     9 00000000 57656C636F6D652074-     	welcomeAct db "Welcome to Shahaf's Program", 0ah, 0dh, 0h
     9 00000009 6F2053686168616627-
     9 00000012 732050726F6772616D-
     9 0000001B 0A0D00             
    10                                  		.len equ($-welcomeAct)
    11 0000001E 4279652C2054616B65-     	byeAct db "Bye, Take Care", 0ah, 0dh, 0h
    11 00000027 20436172650A0D00   
    12                                   
    13                                   
    14                                  	;szLF db 0dh, 0h, 0h ;define an empty line
    15                                  SECTION .bss
    16                                   
    17                                  SECTION     .text
    18                                  	global      _start
    19                                       
    20                                  _start:
    21                                  	;
    22                                  
    23                                      ;Code will be ran through main.cpp
    24                                  ;
    25                                  ;Setup the registers for exit and poke the kernel
    26                                  Exit: 
    27 00000000 B801000000              	mov		eax,1h				;What are we going to do? Exit!
    28 00000005 BB00000000              	mov		ebx,0						;Return code
    29 0000000A CD80                    	int		80h							;Poke the kernel
